// Jest Snapshot v1, https://goo.gl/fbAQLP

exports[`<WeatherSymbol /> matches snapshot 1`] = `
<div
  className="weatherSymbol"
>
  <img
    alt="Clear"
    src="/img/c.svg"
  />
  <p
    className="weatherDescription"
  >
    Clear
  </p>
</div>
`;
